18:25:18 **** Incremental Build of configuration Debug for project Selector_de_frecuencia_P1 ****
make -j16 all 
arm-none-eabi-gcc "../Core/Src/main.c" -mcpu=cortex-m3 -std=gnu11 -g3 -DDEBUG -DUSE_HAL_DRIVER -DSTM32F103xB -c -I../Core/Inc -I../Drivers/STM32F1xx_HAL_Driver/Inc/Legacy -I../Drivers/STM32F1xx_HAL_Driver/Inc -I../Drivers/CMSIS/Device/ST/STM32F1xx/Include -I../Drivers/CMSIS/Include -O0 -ffunction-sections -fdata-sections -Wall -fstack-usage -MMD -MP -MF"Core/Src/main.d" -MT"Core/Src/main.o" --specs=nano.specs -mfloat-abi=soft -mthumb -o "Core/Src/main.o"
arm-none-eabi-gcc -o "Selector_de_frecuencia_P1.elf" @"objects.list"   -mcpu=cortex-m3 -T"/home/lord448/Escritorio/STM32 Workspaces/Practicas_SO_Embebidos/Selector_de_frecuencia_P1/STM32F103C8TX_FLASH.ld" --specs=nosys.specs -Wl,-Map="Selector_de_frecuencia_P1.map" -Wl,--gc-sections -static --specs=nano.specs -mfloat-abi=soft -mthumb -Wl,--start-group -lc -lm -Wl,--end-group
Finished building target: Selector_de_frecuencia_P1.elf
 
arm-none-eabi-size   Selector_de_frecuencia_P1.elf 
arm-none-eabi-objdump -h -S  Selector_de_frecuencia_P1.elf  > "Selector_de_frecuencia_P1.list"
   text	   data	    bss	    dec	    hex	filename
   9304	     20	   1740	  11064	   2b38	Selector_de_frecuencia_P1.elf
Finished building: default.size.stdout
 
Finished building: Selector_de_frecuencia_P1.list
 
