21:27:03 **** Incremental Build of configuration Debug for project Automatic_gate ****
make -j16 all 
arm-none-eabi-gcc "../Core/Src/main.c" -mcpu=cortex-m3 -std=gnu11 -g3 -DDEBUG -DUSE_HAL_DRIVER -DSTM32F103xB -c -I../Core/Inc -I../Drivers/STM32F1xx_HAL_Driver/Inc/Legacy -I../Drivers/STM32F1xx_HAL_Driver/Inc -I../Drivers/CMSIS/Device/ST/STM32F1xx/Include -I../Drivers/CMSIS/Include -O0 -ffunction-sections -fdata-sections -Wall -fstack-usage -MMD -MP -MF"Core/Src/main.d" -MT"Core/Src/main.o" --specs=nano.specs -mfloat-abi=soft -mthumb -o "Core/Src/main.o"
arm-none-eabi-gcc -o "Automatic_gate.elf" @"objects.list"   -mcpu=cortex-m3 -T"/home/lord448/Escritorio/STM32 Workspaces/Practicas_SO_Embebidos/Automatic_gate/STM32F103C8TX_FLASH.ld" --specs=nosys.specs -Wl,-Map="Automatic_gate.map" -Wl,--gc-sections -static --specs=nano.specs -mfloat-abi=soft -mthumb -Wl,--start-group -lc -lm -Wl,--end-group
Finished building target: Automatic_gate.elf
 
arm-none-eabi-size   Automatic_gate.elf 
arm-none-eabi-objdump -h -S  Automatic_gate.elf  > "Automatic_gate.list"
   text	   data	    bss	    dec	    hex	filename
   9316	     24	   1728	  11068	   2b3c	Automatic_gate.elf
Finished building: default.size.stdout
 
Finished building: Automatic_gate.list
 
